// Jest Snapshot v1, https://goo.gl/fbAQLP

exports[`Button component renders the button correctly 1`] = `
<a
  class="bg-buttonFirstColor p-5 text-white flex flex-col justify-center items-center border-white border"
  href="/test-url"
>
  <span>
    <ion-icon
      name="test-icon"
      size="large"
    />
  </span>
  <span
    class=" text-lg tracking-wider font-bold"
  >
    Test Button
  </span>
</a>
`;
