// Jest Snapshot v1, https://goo.gl/fbAQLP

exports[`LoadingScreen renders correctly 1`] = `
<div>
  <div
    class="sc-bgqQcB cFcgbR"
  >
    <div
      class="sc-gTRrQi byNTRp"
    />
  </div>
</div>
`;
